Archive member included to satisfy reference by file (symbol)

C:/STM32CubeIDE_1.14.0/STM32CubeIDE/plugins/com.st.stm32cube.ide.mcu.externaltools.gnu-tools-for-stm32.12.3.rel1.win32_1.0.200.202406191623/tools/bin/../lib/gcc/arm-none-eabi/12.3.1/../../../../arm-none-eabi/lib/thumb/v6-m/nofp\libc_nano.a(libc_a-exit.o)
                              C:/STM32CubeIDE_1.14.0/STM32CubeIDE/plugins/com.st.stm32cube.ide.mcu.externaltools.gnu-tools-for-stm32.12.3.rel1.win32_1.0.200.202406191623/tools/bin/../lib/gcc/arm-none-eabi/12.3.1/../../../../arm-none-eabi/lib/thumb/v6-m/nofp/crt0.o (exit)
C:/STM32CubeIDE_1.14.0/STM32CubeIDE/plugins/com.st.stm32cube.ide.mcu.externaltools.gnu-tools-for-stm32.12.3.rel1.win32_1.0.200.202406191623/tools/bin/../lib/gcc/arm-none-eabi/12.3.1/../../../../arm-none-eabi/lib/thumb/v6-m/nofp\libc_nano.a(libc_a-findfp.o)
                              C:/STM32CubeIDE_1.14.0/STM32CubeIDE/plugins/com.st.stm32cube.ide.mcu.externaltools.gnu-tools-for-stm32.12.3.rel1.win32_1.0.200.202406191623/tools/bin/../lib/gcc/arm-none-eabi/12.3.1/../../../../arm-none-eabi/lib/thumb/v6-m/nofp\libc_nano.a(libc_a-exit.o) (__stdio_exit_handler)
C:/STM32CubeIDE_1.14.0/STM32CubeIDE/plugins/com.st.stm32cube.ide.mcu.externaltools.gnu-tools-for-stm32.12.3.rel1.win32_1.0.200.202406191623/tools/bin/../lib/gcc/arm-none-eabi/12.3.1/../../../../arm-none-eabi/lib/thumb/v6-m/nofp\libc_nano.a(libc_a-fwalk.o)
                              C:/STM32CubeIDE_1.14.0/STM32CubeIDE/plugins/com.st.stm32cube.ide.mcu.externaltools.gnu-tools-for-stm32.12.3.rel1.win32_1.0.200.202406191623/tools/bin/../lib/gcc/arm-none-eabi/12.3.1/../../../../arm-none-eabi/lib/thumb/v6-m/nofp\libc_nano.a(libc_a-findfp.o) (_fwalk_sglue)
C:/STM32CubeIDE_1.14.0/STM32CubeIDE/plugins/com.st.stm32cube.ide.mcu.externaltools.gnu-tools-for-stm32.12.3.rel1.win32_1.0.200.202406191623/tools/bin/../lib/gcc/arm-none-eabi/12.3.1/../../../../arm-none-eabi/lib/thumb/v6-m/nofp\libc_nano.a(libc_a-stdio.o)
                              C:/STM32CubeIDE_1.14.0/STM32CubeIDE/plugins/com.st.stm32cube.ide.mcu.externaltools.gnu-tools-for-stm32.12.3.rel1.win32_1.0.200.202406191623/tools/bin/../lib/gcc/arm-none-eabi/12.3.1/../../../../arm-none-eabi/lib/thumb/v6-m/nofp\libc_nano.a(libc_a-findfp.o) (__sread)
C:/STM32CubeIDE_1.14.0/STM32CubeIDE/plugins/com.st.stm32cube.ide.mcu.externaltools.gnu-tools-for-stm32.12.3.rel1.win32_1.0.200.202406191623/tools/bin/../lib/gcc/arm-none-eabi/12.3.1/../../../../arm-none-eabi/lib/thumb/v6-m/nofp\libc_nano.a(libc_a-memset.o)
                              C:/STM32CubeIDE_1.14.0/STM32CubeIDE/plugins/com.st.stm32cube.ide.mcu.externaltools.gnu-tools-for-stm32.12.3.rel1.win32_1.0.200.202406191623/tools/bin/../lib/gcc/arm-none-eabi/12.3.1/../../../../arm-none-eabi/lib/thumb/v6-m/nofp/crt0.o (memset)
C:/STM32CubeIDE_1.14.0/STM32CubeIDE/plugins/com.st.stm32cube.ide.mcu.externaltools.gnu-tools-for-stm32.12.3.rel1.win32_1.0.200.202406191623/tools/bin/../lib/gcc/arm-none-eabi/12.3.1/../../../../arm-none-eabi/lib/thumb/v6-m/nofp\libc_nano.a(libc_a-closer.o)
                              C:/STM32CubeIDE_1.14.0/STM32CubeIDE/plugins/com.st.stm32cube.ide.mcu.externaltools.gnu-tools-for-stm32.12.3.rel1.win32_1.0.200.202406191623/tools/bin/../lib/gcc/arm-none-eabi/12.3.1/../../../../arm-none-eabi/lib/thumb/v6-m/nofp\libc_nano.a(libc_a-stdio.o) (_close_r)
C:/STM32CubeIDE_1.14.0/STM32CubeIDE/plugins/com.st.stm32cube.ide.mcu.externaltools.gnu-tools-for-stm32.12.3.rel1.win32_1.0.200.202406191623/tools/bin/../lib/gcc/arm-none-eabi/12.3.1/../../../../arm-none-eabi/lib/thumb/v6-m/nofp\libc_nano.a(libc_a-reent.o)
                              C:/STM32CubeIDE_1.14.0/STM32CubeIDE/plugins/com.st.stm32cube.ide.mcu.externaltools.gnu-tools-for-stm32.12.3.rel1.win32_1.0.200.202406191623/tools/bin/../lib/gcc/arm-none-eabi/12.3.1/../../../../arm-none-eabi/lib/thumb/v6-m/nofp\libc_nano.a(libc_a-closer.o) (errno)
C:/STM32CubeIDE_1.14.0/STM32CubeIDE/plugins/com.st.stm32cube.ide.mcu.externaltools.gnu-tools-for-stm32.12.3.rel1.win32_1.0.200.202406191623/tools/bin/../lib/gcc/arm-none-eabi/12.3.1/../../../../arm-none-eabi/lib/thumb/v6-m/nofp\libc_nano.a(libc_a-impure.o)
                              C:/STM32CubeIDE_1.14.0/STM32CubeIDE/plugins/com.st.stm32cube.ide.mcu.externaltools.gnu-tools-for-stm32.12.3.rel1.win32_1.0.200.202406191623/tools/bin/../lib/gcc/arm-none-eabi/12.3.1/../../../../arm-none-eabi/lib/thumb/v6-m/nofp\libc_nano.a(libc_a-reent.o) (_impure_ptr)
C:/STM32CubeIDE_1.14.0/STM32CubeIDE/plugins/com.st.stm32cube.ide.mcu.externaltools.gnu-tools-for-stm32.12.3.rel1.win32_1.0.200.202406191623/tools/bin/../lib/gcc/arm-none-eabi/12.3.1/../../../../arm-none-eabi/lib/thumb/v6-m/nofp\libc_nano.a(libc_a-lseekr.o)
[...]
Memory Configuration

Name             Origin             Length             Attributes
RAM              0x20000000         0x00006000         xrw
FLASH            0x08000000         0x00020000         xr
*default*        0x00000000         0xffffffff

Linker script and memory map

LOAD C:/STM32CubeIDE_1.14.0/STM32CubeIDE/plugins/com.st.stm32cube.ide.mcu.externaltools.gnu-tools-for-stm32.12.3.rel1.win32_1.0.200.202406191623/tools/bin/../lib/gcc/arm-none-eabi/12.3.1/thumb/v6-m/nofp/crti.o
LOAD C:/STM32CubeIDE_1.14.0/STM32CubeIDE/plugins/com.st.stm32cube.ide.mcu.externaltools.gnu-tools-for-stm32.12.3.rel1.win32_1.0.200.202406191623/tools/bin/../lib/gcc/arm-none-eabi/12.3.1/thumb/v6-m/nofp/crtbegin.o
LOAD C:/STM32CubeIDE_1.14.0/STM32CubeIDE/plugins/com.st.stm32cube.ide.mcu.externaltools.gnu-tools-for-stm32.12.3.rel1.win32_1.0.200.202406191623/tools/bin/../lib/gcc/arm-none-eabi/12.3.1/../../../../arm-none-eabi/lib/thumb/v6-m/nofp/crt0.o
LOAD ./Core/Src/main.o
LOAD ./Core/Src/modbus.o
LOAD ./Core/Src/stm32c0xx_hal_msp.o
LOAD ./Core/Src/stm32c0xx_it.o
LOAD ./Core/Src/syscalls.o
LOAD ./Core/Src/sysmem.o
LOAD ./Core/Src/system_stm32c0xx.o
LOAD ./Core/Startup/startup_stm32c071cbtx.o
LOAD ./Drivers/STM32C0xx_HAL_Driver/Src/stm32c0xx_hal.o
LOAD ./Drivers/STM32C0xx_HAL_Driver/Src/stm32c0xx_hal_cortex.o
LOAD ./Drivers/STM32C0xx_HAL_Driver/Src/stm32c0xx_hal_dma.o
LOAD ./Drivers/STM32C0xx_HAL_Driver/Src/stm32c0xx_hal_dma_ex.o
LOAD ./Drivers/STM32C0xx_HAL_Driver/Src/stm32c0xx_hal_exti.o
LOAD ./Drivers/STM32C0xx_HAL_Driver/Src/stm32c0xx_hal_flash.o
LOAD ./Drivers/STM32C0xx_HAL_Driver/Src/stm32c0xx_hal_flash_ex.o
LOAD ./Drivers/STM32C0xx_HAL_Driver/Src/stm32c0xx_hal_gpio.o
LOAD ./Drivers/STM32C0xx_HAL_Driver/Src/stm32c0xx_hal_pwr.o
LOAD ./Drivers/STM32C0xx_HAL_Driver/Src/stm32c0xx_hal_pwr_ex.o
LOAD ./Drivers/STM32C0xx_HAL_Driver/Src/stm32c0xx_hal_rcc.o
LOAD ./Drivers/STM32C0xx_HAL_Driver/Src/stm32c0xx_hal_rcc_ex.o
LOAD ./Drivers/STM32C0xx_HAL_Driver/Src/stm32c0xx_hal_tim.o
LOAD ./Drivers/STM32C0xx_HAL_Driver/Src/stm32c0xx_hal_tim_ex.o
LOAD ./Drivers/STM32C0xx_HAL_Driver/Src/stm32c0xx_hal_uart.o
LOAD ./Drivers/STM32C0xx_HAL_Driver/Src/stm32c0xx_hal_uart_ex.o
LOAD ./Middlewares/Third_Party/NimaLTD_Driver/EE/ee.o
START GROUP
LOAD C:/STM32CubeIDE_1.14.0/STM32CubeIDE/plugins/com.st.stm32cube.ide.mcu.externaltools.gnu-tools-for-stm32.12.3.rel1.win32_1.0.200.202406191623/tools/bin/../lib/gcc/arm-none-eabi/12.3.1/../../../../arm-none-eabi/lib/thumb/v6-m/nofp\libc_nano.a
LOAD C:/STM32CubeIDE_1.14.0/STM32CubeIDE/plugins/com.st.stm32cube.ide.mcu.externaltools.gnu-tools-for-stm32.12.3.rel1.win32_1.0.200.202406191623/tools/bin/../lib/gcc/arm-none-eabi/12.3.1/../../../../arm-none-eabi/lib/thumb/v6-m/nofp\libm.a
END GROUP
START GROUP
LOAD C:/STM32CubeIDE_1.14.0/STM32CubeIDE/plugins/com.st.stm32cube.ide.mcu.externaltools.gnu-tools-for-stm32.12.3.rel1.win32_1.0.200.202406191623/tools/bin/../lib/gcc/arm-none-eabi/12.3.1/thumb/v6-m/nofp\libgcc.a
LOAD C:/STM32CubeIDE_1.14.0/STM32CubeIDE/plugins/com.st.stm32cube.ide.mcu.externaltools.gnu-tools-for-stm32.12.3.rel1.win32_1.0.200.202406191623/tools/bin/../lib/gcc/arm-none-eabi/12.3.1/../../../../arm-none-eabi/lib/thumb/v6-m/nofp\libc_nano.a
END GROUP
START GROUP
LOAD C:/STM32CubeIDE_1.14.0/STM32CubeIDE/plugins/com.st.stm32cube.ide.mcu.externaltools.gnu-tools-for-stm32.12.3.rel1.win32_1.0.200.202406191623/tools/bin/../lib/gcc/arm-none-eabi/12.3.1/thumb/v6-m/nofp\libgcc.a
LOAD C:/STM32CubeIDE_1.14.0/STM32CubeIDE/plugins/com.st.stm32cube.ide.mcu.externaltools.gnu-tools-for-stm32.12.3.rel1.win32_1.0.200.202406191623/tools/bin/../lib/gcc/arm-none-eabi/12.3.1/../../../../arm-none-eabi/lib/thumb/v6-m/nofp\libc_nano.a
LOAD C:/STM32CubeIDE_1.14.0/STM32CubeIDE/plugins/com.st.stm32cube.ide.mcu.externaltools.gnu-tools-for-stm32.12.3.rel1.win32_1.0.200.202406191623/tools/bin/../lib/gcc/arm-none-eabi/12.3.1/../../../../arm-none-eabi/lib/thumb/v6-m/nofp\libnosys.a
END GROUP
START GROUP
LOAD C:/STM32CubeIDE_1.14.0/STM32CubeIDE/plugins/com.st.stm32cube.ide.mcu.externaltools.gnu-tools-for-stm32.12.3.rel1.win32_1.0.200.202406191623/tools/bin/../lib/gcc/arm-none-eabi/12.3.1/thumb/v6-m/nofp\libgcc.a
LOAD C:/STM32CubeIDE_1.14.0/STM32CubeIDE/plugins/com.st.stm32cube.ide.mcu.externaltools.gnu-tools-for-stm32.12.3.rel1.win32_1.0.200.202406191623/tools/bin/../lib/gcc/arm-none-eabi/12.3.1/../../../../arm-none-eabi/lib/thumb/v6-m/nofp\libc_nano.a
LOAD C:/STM32CubeIDE_1.14.0/STM32CubeIDE/plugins/com.st.stm32cube.ide.mcu.externaltools.gnu-tools-for-stm32.12.3.rel1.win32_1.0.200.202406191623/tools/bin/../lib/gcc/arm-none-eabi/12.3.1/../../../../arm-none-eabi/lib/thumb/v6-m/nofp\libnosys.a
END GROUP
LOAD C:/STM32CubeIDE_1.14.0/STM32CubeIDE/plugins/com.st.stm32cube.ide.mcu.externaltools.gnu-tools-for-stm32.12.3.rel1.win32_1.0.200.202406191623/tools/bin/../lib/gcc/arm-none-eabi/12.3.1/thumb/v6-m/nofp/crtend.o
LOAD C:/STM32CubeIDE_1.14.0/STM32CubeIDE/plugins/com.st.stm32cube.ide.mcu.externaltools.gnu-tools-for-stm32.12.3.rel1.win32_1.0.200.202406191623/tools/bin/../lib/gcc/arm-none-eabi/12.3.1/thumb/v6-m/nofp/crtn.o
                0x20006000                        _estack = (ORIGIN (RAM) + LENGTH (RAM))
                0x00000200                        _Min_Heap_Size = 0x200
                0x00000400                        _Min_Stack_Size = 0x400

.isr_vector     0x08000000       0xc0
                0x08000000                        . = ALIGN (0x4)
 *(.isr_vector)
 .isr_vector    0x08000000       0xc0 ./Core/Startup/startup_stm32c071cbtx.o
                0x08000000                g_pfnVectors
                0x080000c0                        . = ALIGN (0x4)

.text           0x080000c0     0x5578
                0x080000c0                        . = ALIGN (0x4)
 *(.text)
 .text          0x080000c0       0x48 C:/STM32CubeIDE_1.14.0/STM32CubeIDE/plugins/com.st.stm32cube.ide.mcu.externaltools.gnu-tools-for-stm32.12.3.rel1.win32_1.0.200.202406191623/tools/bin/../lib/gcc/arm-none-eabi/12.3.1/thumb/v6-m/nofp/crtbegin.o
 .text          0x08000108      0x114 C:/STM32CubeIDE_1.14.0/STM32CubeIDE/plugins/com.st.stm32cube.ide.mcu.externaltools.gnu-tools-for-stm32.12.3.rel1.win32_1.0.200.202406191623/tools/bin/../lib/gcc/arm-none-eabi/12.3.1/thumb/v6-m/nofp\libgcc.a(_udivsi3.o)
                0x08000108                __aeabi_uidiv
                0x08000108                __udivsi3
                0x08000214                __aeabi_uidivmod
 .text          0x0800021c      0x1d4 C:/STM32CubeIDE_1.14.0/STM32CubeIDE/plugins/com.st.stm32cube.ide.mcu.externaltools.gnu-tools-for-stm32.12.3.rel1.win32_1.0.200.202406191623/tools/bin/../lib/gcc/arm-none-eabi/12.3.1/thumb/v6-m/nofp\libgcc.a(_divsi3.o)
                0x0800021c                __divsi3
                0x0800021c                __aeabi_idiv
                0x080003e8                __aeabi_idivmod
 .text          0x080003f0        0x4 C:/STM32CubeIDE_1.14.0/STM32CubeIDE/plugins/com.st.stm32cube.ide.mcu.externaltools.gnu-tools-for-stm32.12.3.rel1.win32_1.0.200.202406191623/tools/bin/../lib/gcc/arm-none-eabi/12.3.1/thumb/v6-m/nofp\libgcc.a(_dvmd_tls.o)
                0x080003f0                __aeabi_idiv0
                0x080003f0                __aeabi_ldiv0
 *(.text*)
 .text.main     0x080003f4      0x460 ./Core/Src/main.o
                0x080003f4                main
 .text.SystemClock_Config
                0x08000854       0x7a ./Core/Src/main.o
                0x08000854                SystemClock_Config
 *fill*         0x080008ce        0x2 
 .text.MX_USART1_UART_Init
                0x080008d0       0xa0 ./Core/Src/main.o
 .text.MX_DMA_Init
                0x08000970       0x4c ./Core/Src/main.o
 .text.MX_GPIO_Init
                0x080009bc       0xfc ./Core/Src/main.o
 .text.Error_Handler
                0x08000ab8        0xc ./Core/Src/main.o
                0x08000ab8                Error_Handler
 .text.HAL_UARTEx_RxEventCallback
                0x08000ac4       0xb8 ./Core/Src/modbus.o
                0x08000ac4                HAL_UARTEx_RxEventCallback
 .text.HAL_UART_TxCpltCallback
                0x08000b7c       0x1c ./Core/Src/modbus.o
                0x08000b7c                HAL_UART_TxCpltCallback
 .text.HAL_UART_ErrorCallback
                0x08000b98       0x30 ./Core/Src/modbus.o
                0x08000b98                HAL_UART_ErrorCallback
 .text.modbus_rx
                0x08000bc8       0x24 ./Core/Src/modbus.o
                0x08000bc8                modbus_rx
 .text.return_holding_registers
                0x08000bec      0x158 ./Core/Src/modbus.o
                0x08000bec                return_holding_registers
 .text.edit_multiple_registers
                0x08000d44      0x208 ./Core/Src/modbus.o
                0x08000d44                edit_multiple_registers
 .text.modbus_exception
                0x08000f4c       0x50 ./Core/Src/modbus.o
                0x08000f4c                modbus_exception
 .text.handle_range
                0x08000f9c      0x118 ./Core/Src/modbus.o
                0x08000f9c                handle_range
 .text.modbus_send
                0x080010b4       0xac ./Core/Src/modbus.o
                0x080010b4                modbus_send
 .text.modbus_reset
                0x08001160      0x100 ./Core/Src/modbus.o
                0x08001160                modbus_reset
 .text.modbus_set_rx
                0x08001260       0x48 ./Core/Src/modbus.o
                0x08001260                modbus_set_rx
 .text.monitor_modbus
                0x080012a8       0xd0 ./Core/Src/modbus.o
                0x080012a8                monitor_modbus
 .text.modbus_startup
                0x08001378       0x1c ./Core/Src/modbus.o
                0x08001378                modbus_startup
 .text.modbus_shutdown
                0x08001394       0x1c ./Core/Src/modbus.o
                0x08001394                modbus_shutdown
 .text.modbus_change_baud_rate
                0x080013b0      0x118 ./Core/Src/modbus.o
                0x080013b0                modbus_change_baud_rate
 .text.get_rx_buffer
                0x080014c8       0x20 ./Core/Src/modbus.o
                0x080014c8                get_rx_buffer
 .text.handle_modbus_error
                0x080014e8       0x3c ./Core/Src/modbus.o
                0x080014e8                handle_modbus_error
 .text.crc_16   0x08001524       0x8c ./Core/Src/modbus.o
                0x08001524                crc_16
 .text.handle_chunk_miss
                0x080015b0       0x68 ./Core/Src/modbus.o
                0x080015b0                handle_chunk_miss
 .text.HAL_MspInit
                0x08001618       0x48 ./Core/Src/stm32c0xx_hal_msp.o
                0x08001618                HAL_MspInit
 .text.HAL_UART_MspInit
                0x08001660      0x220 ./Core/Src/stm32c0xx_hal_msp.o
                0x08001660                HAL_UART_MspInit
 .text.HAL_UART_MspDeInit
                0x08001880       0x80 ./Core/Src/stm32c0xx_hal_msp.o
                0x08001880                HAL_UART_MspDeInit
 .text.__NVIC_SystemReset
                0x08001900       0x24 ./Core/Src/stm32c0xx_it.o
 .text.NMI_Handler
                0x08001924        0x8 ./Core/Src/stm32c0xx_it.o
                0x08001924                NMI_Handler
 .text.HardFault_Handler
                0x0800192c        0x8 ./Core/Src/stm32c0xx_it.o
                0x0800192c                HardFault_Handler
 .text.SVC_Handler
                0x08001934        0xa ./Core/Src/stm32c0xx_it.o
                0x08001934                SVC_Handler
 .text.PendSV_Handler
                0x0800193e        0xa ./Core/Src/stm32c0xx_it.o
                0x0800193e                PendSV_Handler
 .text.SysTick_Handler
                0x08001948        0xe ./Core/Src/stm32c0xx_it.o
                0x08001948                SysTick_Handler
 *fill*         0x08001956        0x2 
 .text.DMA1_Channel1_IRQHandler
                0x08001958       0x18 ./Core/Src/stm32c0xx_it.o
                0x08001958                DMA1_Channel1_IRQHandler
 .text.DMA1_Channel2_3_IRQHandler
                0x08001970       0x18 ./Core/Src/stm32c0xx_it.o
                0x08001970                DMA1_Channel2_3_IRQHandler
 .text.USART1_IRQHandler
                0x08001988       0x18 ./Core/Src/stm32c0xx_it.o
                0x08001988                USART1_IRQHandler
 .text.SystemInit
                0x080019a0       0x18 ./Core/Src/system_stm32c0xx.o
                0x080019a0                SystemInit
 .text.Reset_Handler
                0x080019b8       0x50 ./Core/Startup/startup_stm32c071cbtx.o
                0x080019b8                Reset_Handler
 .text.Default_Handler
                0x08001a08        0x2 ./Core/Startup/startup_stm32c071cbtx.o
                0x08001a08                TIM1_CC_IRQHandler
                0x08001a08                USB_DRD_FS_IRQHandler
                0x08001a08                I2C1_IRQHandler
                0x08001a08                RCC_CRS_IRQHandler
                0x08001a08                SPI1_IRQHandler
                0x08001a08                EXTI2_3_IRQHandler
                0x08001a08                ADC1_IRQHandler
                0x08001a08                I2C2_IRQHandler
                0x08001a08                TIM17_IRQHandler
                0x08001a08                RTC_IRQHandler
                0x08001a08                PVD_VDDIO2_IRQHandler
                0x08001a08                TIM16_IRQHandler
                0x08001a08                TIM3_IRQHandler
                0x08001a08                EXTI4_15_IRQHandler
                0x08001a08                Default_Handler
                0x08001a08                TIM14_IRQHandler
                0x08001a08                EXTI0_1_IRQHandler
                0x08001a08                SPI2_IRQHandler
                0x08001a08                WWDG_IRQHandler
                0x08001a08                TIM2_IRQHandler
                0x08001a08                DMAMUX1_DMA1_CH4_5_IRQHandler
                0x08001a08                USART2_IRQHandler
                0x08001a08                FLASH_IRQHandler
                0x08001a08                TIM1_BRK_UP_TRG_COM_IRQHandler
 .text.HAL_Init
                0x08001a0a       0x2e ./Drivers/STM32C0xx_HAL_Driver/Src/stm32c0xx_hal.o
                0x08001a0a                HAL_Init
 .text.HAL_InitTick
                0x08001a38       0x94 ./Drivers/STM32C0xx_HAL_Driver/Src/stm32c0xx_hal.o
                0x08001a38                HAL_InitTick
 .text.HAL_IncTick
                0x08001acc       0x24 ./Drivers/STM32C0xx_HAL_Driver/Src/stm32c0xx_hal.o
                0x08001acc                HAL_IncTick
 .text.HAL_GetTick
                0x08001af0       0x14 ./Drivers/STM32C0xx_HAL_Driver/Src/stm32c0xx_hal.o
                0x08001af0                HAL_GetTick
 .text.HAL_Delay
                0x08001b04       0x48 ./Drivers/STM32C0xx_HAL_Driver/Src/stm32c0xx_hal.o
                0x08001b04                HAL_Delay
 .text.__NVIC_EnableIRQ
                0x08001b4c       0x34 ./Drivers/STM32C0xx_HAL_Driver/Src/stm32c0xx_hal_cortex.o
 .text.__NVIC_DisableIRQ
                0x08001b80       0x44 ./Drivers/STM32C0xx_HAL_Driver/Src/stm32c0xx_hal_cortex.o
 .text.__NVIC_SetPriority
                0x08001bc4       0xdc ./Drivers/STM32C0xx_HAL_Driver/Src/stm32c0xx_hal_cortex.o
 .text.SysTick_Config
                0x08001ca0       0x48 ./Drivers/STM32C0xx_HAL_Driver/Src/stm32c0xx_hal_cortex.o
 .text.HAL_NVIC_SetPriority
                0x08001ce8       0x2a ./Drivers/STM32C0xx_HAL_Driver/Src/stm32c0xx_hal_cortex.o
                0x08001ce8                HAL_NVIC_SetPriority
 .text.HAL_NVIC_EnableIRQ
                0x08001d12       0x20 ./Drivers/STM32C0xx_HAL_Driver/Src/stm32c0xx_hal_cortex.o
                0x08001d12                HAL_NVIC_EnableIRQ
 .text.HAL_NVIC_DisableIRQ
                0x08001d32       0x20 ./Drivers/STM32C0xx_HAL_Driver/Src/stm32c0xx_hal_cortex.o
                0x08001d32                HAL_NVIC_DisableIRQ
 .text.HAL_SYSTICK_Config
                0x08001d52       0x1a ./Drivers/STM32C0xx_HAL_Driver/Src/stm32c0xx_hal_cortex.o
                0x08001d52                HAL_SYSTICK_Config
 .text.HAL_DMA_Init
                0x08001d6c      0x114 ./Drivers/STM32C0xx_HAL_Driver/Src/stm32c0xx_hal_dma.o
                0x08001d6c                HAL_DMA_Init
 .text.HAL_DMA_DeInit
                0x08001e80       0xf0 ./Drivers/STM32C0xx_HAL_Driver/Src/stm32c0xx_hal_dma.o
                0x08001e80                HAL_DMA_DeInit
 .text.HAL_DMA_Start_IT
                0x08001f70      0x10e ./Drivers/STM32C0xx_HAL_Driver/Src/stm32c0xx_hal_dma.o
                0x08001f70                HAL_DMA_Start_IT
 *fill*         0x0800207e        0x2 
 .text.HAL_DMA_Abort
                0x08002080       0xc4 ./Drivers/STM32C0xx_HAL_Driver/Src/stm32c0xx_hal_dma.o
                0x08002080                HAL_DMA_Abort
 .text.HAL_DMA_Abort_IT
                0x08002144       0xf4 ./Drivers/STM32C0xx_HAL_Driver/Src/stm32c0xx_hal_dma.o
                0x08002144                HAL_DMA_Abort_IT
 .text.HAL_DMA_IRQHandler
                0x08002238      0x164 ./Drivers/STM32C0xx_HAL_Driver/Src/stm32c0xx_hal_dma.o
                0x08002238                HAL_DMA_IRQHandler
 .text.HAL_DMA_GetError
                0x0800239c       0x14 ./Drivers/STM32C0xx_HAL_Driver/Src/stm32c0xx_hal_dma.o
                0x0800239c                HAL_DMA_GetError
 .text.DMA_SetConfig
                0x080023b0       0x80 ./Drivers/STM32C0xx_HAL_Driver/Src/stm32c0xx_hal_dma.o
 .text.DMA_CalcDMAMUXChannelBaseAndMask
                0x08002430       0x58 ./Drivers/STM32C0xx_HAL_Driver/Src/stm32c0xx_hal_dma.o
 .text.DMA_CalcDMAMUXRequestGenBaseAndMask
                0x08002488       0x48 ./Drivers/STM32C0xx_HAL_Driver/Src/stm32c0xx_hal_dma.o
 .text.HAL_FLASH_Program
                0x080024d0       0x9c ./Drivers/STM32C0xx_HAL_Driver/Src/stm32c0xx_hal_flash.o
                0x080024d0                HAL_FLASH_Program
 .text.HAL_FLASH_Unlock
                0x0800256c       0x48 ./Drivers/STM32C0xx_HAL_Driver/Src/stm32c0xx_hal_flash.o
                0x0800256c                HAL_FLASH_Unlock
 .text.HAL_FLASH_Lock
                0x080025b4       0x38 ./Drivers/STM32C0xx_HAL_Driver/Src/stm32c0xx_hal_flash.o
                0x080025b4                HAL_FLASH_Lock
 .text.FLASH_WaitForLastOperation
                0x080025ec       0xb4 ./Drivers/STM32C0xx_HAL_Driver/Src/stm32c0xx_hal_flash.o
                0x080025ec                FLASH_WaitForLastOperation
 .text.FLASH_Program_DoubleWord
                0x080026a0       0x40 ./Drivers/STM32C0xx_HAL_Driver/Src/stm32c0xx_hal_flash.o
 .text.HAL_FLASHEx_Erase
                0x080026e0       0xd4 ./Drivers/STM32C0xx_HAL_Driver/Src/stm32c0xx_hal_flash_ex.o
                0x080026e0                HAL_FLASHEx_Erase
 .text.FLASH_MassErase
                0x080027b4       0x20 ./Drivers/STM32C0xx_HAL_Driver/Src/stm32c0xx_hal_flash_ex.o
 .text.FLASH_PageErase
                0x080027d4       0x38 ./Drivers/STM32C0xx_HAL_Driver/Src/stm32c0xx_hal_flash_ex.o
                0x080027d4                FLASH_PageErase
 .text.HAL_GPIO_Init
                0x0800280c      0x2e4 ./Drivers/STM32C0xx_HAL_Driver/Src/stm32c0xx_hal_gpio.o
                0x0800280c                HAL_GPIO_Init
 .text.HAL_GPIO_DeInit
                0x08002af0      0x1b0 ./Drivers/STM32C0xx_HAL_Driver/Src/stm32c0xx_hal_gpio.o
                0x08002af0                HAL_GPIO_DeInit
 .text.HAL_GPIO_ReadPin
                0x08002ca0       0x3a ./Drivers/STM32C0xx_HAL_Driver/Src/stm32c0xx_hal_gpio.o
                0x08002ca0                HAL_GPIO_ReadPin
 .text.HAL_GPIO_WritePin
                0x08002cda       0x3a ./Drivers/STM32C0xx_HAL_Driver/Src/stm32c0xx_hal_gpio.o
                0x08002cda                HAL_GPIO_WritePin
 .text.HAL_RCC_OscConfig
                0x08002d14      0x44c ./Drivers/STM32C0xx_HAL_Driver/Src/stm32c0xx_hal_rcc.o
                0x08002d14                HAL_RCC_OscConfig
 .text.HAL_RCC_ClockConfig
                0x08003160      0x230 ./Drivers/STM32C0xx_HAL_Driver/Src/stm32c0xx_hal_rcc.o
                0x08003160                HAL_RCC_ClockConfig
 .text.HAL_RCC_GetSysClockFreq
                0x08003390       0xb0 ./Drivers/STM32C0xx_HAL_Driver/Src/stm32c0xx_hal_rcc.o
                0x08003390                HAL_RCC_GetSysClockFreq
 .text.HAL_RCC_GetHCLKFreq
                0x08003440       0x3c ./Drivers/STM32C0xx_HAL_Driver/Src/stm32c0xx_hal_rcc.o
                0x08003440                HAL_RCC_GetHCLKFreq
 .text.HAL_RCC_GetPCLK1Freq
                0x0800347c       0x30 ./Drivers/STM32C0xx_HAL_Driver/Src/stm32c0xx_hal_rcc.o
                0x0800347c                HAL_RCC_GetPCLK1Freq
 .text.HAL_RCCEx_PeriphCLKConfig
                0x080034ac      0x1f8 ./Drivers/STM32C0xx_HAL_Driver/Src/stm32c0xx_hal_rcc_ex.o
                0x080034ac                HAL_RCCEx_PeriphCLKConfig
 .text.HAL_UART_DeInit
                0x080036a4       0x80 ./Drivers/STM32C0xx_HAL_Driver/Src/stm32c0xx_hal_uart.o
                0x080036a4                HAL_UART_DeInit
 .text.HAL_UART_Transmit_DMA
                0x08003724      0x124 ./Drivers/STM32C0xx_HAL_Driver/Src/stm32c0xx_hal_uart.o
                0x08003724                HAL_UART_Transmit_DMA
 .text.HAL_UART_Abort
                0x08003848      0x218 ./Drivers/STM32C0xx_HAL_Driver/Src/stm32c0xx_hal_uart.o
                0x08003848                HAL_UART_Abort
 .text.HAL_UART_AbortReceive
                0x08003a60      0x168 ./Drivers/STM32C0xx_HAL_Driver/Src/stm32c0xx_hal_uart.o
                0x08003a60                HAL_UART_AbortReceive
 .text.HAL_UART_IRQHandler
                0x08003bc8      0x68c ./Drivers/STM32C0xx_HAL_Driver/Src/stm32c0xx_hal_uart.o
                0x08003bc8                HAL_UART_IRQHandler
 .text.HAL_UART_TxHalfCpltCallback
                0x08004254       0x10 ./Drivers/STM32C0xx_HAL_Driver/Src/stm32c0xx_hal_uart.o
                0x08004254                HAL_UART_TxHalfCpltCallback
 .text.HAL_UART_RxCpltCallback
                0x08004264       0x10 ./Drivers/STM32C0xx_HAL_Driver/Src/stm32c0xx_hal_uart.o
                0x08004264                HAL_UART_RxCpltCallback
 .text.HAL_UART_RxHalfCpltCallback
                0x08004274       0x10 ./Drivers/STM32C0xx_HAL_Driver/Src/stm32c0xx_hal_uart.o
                0x08004274                HAL_UART_RxHalfCpltCallback
 .text.UART_SetConfig
                0x08004284      0x2fc ./Drivers/STM32C0xx_HAL_Driver/Src/stm32c0xx_hal_uart.o
                0x08004284                UART_SetConfig
 .text.UART_AdvFeatureConfig
                0x08004580      0x168 ./Drivers/STM32C0xx_HAL_Driver/Src/stm32c0xx_hal_uart.o
                0x08004580                UART_AdvFeatureConfig
 .text.UART_CheckIdleState
                0x080046e8      0x154 ./Drivers/STM32C0xx_HAL_Driver/Src/stm32c0xx_hal_uart.o
                0x080046e8                UART_CheckIdleState
 .text.UART_WaitOnFlagUntilTimeout
                0x0800483c       0xde ./Drivers/STM32C0xx_HAL_Driver/Src/stm32c0xx_hal_uart.o
                0x0800483c                UART_WaitOnFlagUntilTimeout
 *fill*         0x0800491a        0x2 
 .text.UART_Start_Receive_DMA
                0x0800491c      0x14c ./Drivers/STM32C0xx_HAL_Driver/Src/stm32c0xx_hal_uart.o
                0x0800491c                UART_Start_Receive_DMA
 .text.UART_EndTxTransfer
                0x08004a68       0x80 ./Drivers/STM32C0xx_HAL_Driver/Src/stm32c0xx_hal_uart.o
 .text.UART_EndRxTransfer
                0x08004ae8       0xcc ./Drivers/STM32C0xx_HAL_Driver/Src/stm32c0xx_hal_uart.o
 .text.UART_DMATransmitCplt
                0x08004bb4       0x98 ./Drivers/STM32C0xx_HAL_Driver/Src/stm32c0xx_hal_uart.o
 .text.UART_DMATxHalfCplt
                0x08004c4c       0x1e ./Drivers/STM32C0xx_HAL_Driver/Src/stm32c0xx_hal_uart.o
 *fill*         0x08004c6a        0x2 
 .text.UART_DMAReceiveCplt
                0x08004c6c      0x130 ./Drivers/STM32C0xx_HAL_Driver/Src/stm32c0xx_hal_uart.o
 .text.UART_DMARxHalfCplt
                0x08004d9c       0x42 ./Drivers/STM32C0xx_HAL_Driver/Src/stm32c0xx_hal_uart.o
 .text.UART_DMAError
                0x08004dde       0x86 ./Drivers/STM32C0xx_HAL_Driver/Src/stm32c0xx_hal_uart.o
 .text.UART_DMAAbortOnError
                0x08004e64       0x2e ./Drivers/STM32C0xx_HAL_Driver/Src/stm32c0xx_hal_uart.o
 .text.UART_EndTransmit_IT
                0x08004e92       0x58 ./Drivers/STM32C0xx_HAL_Driver/Src/stm32c0xx_hal_uart.o
 *fill*         0x08004eea        0x2 
 .text.HAL_RS485Ex_Init
                0x08004eec       0xe4 ./Drivers/STM32C0xx_HAL_Driver/Src/stm32c0xx_hal_uart_ex.o
                0x08004eec                HAL_RS485Ex_Init
 .text.HAL_UARTEx_WakeupCallback
                0x08004fd0       0x10 ./Drivers/STM32C0xx_HAL_Driver/Src/stm32c0xx_hal_uart_ex.o
                0x08004fd0                HAL_UARTEx_WakeupCallback
 .text.HAL_UARTEx_RxFifoFullCallback
                0x08004fe0       0x10 ./Drivers/STM32C0xx_HAL_Driver/Src/stm32c0xx_hal_uart_ex.o
                0x08004fe0                HAL_UARTEx_RxFifoFullCallback
 .text.HAL_UARTEx_TxFifoEmptyCallback
                0x08004ff0       0x10 ./Drivers/STM32C0xx_HAL_Driver/Src/stm32c0xx_hal_uart_ex.o
                0x08004ff0                HAL_UARTEx_TxFifoEmptyCallback
 .text.HAL_UARTEx_DisableFifoMode
                0x08005000       0x74 ./Drivers/STM32C0xx_HAL_Driver/Src/stm32c0xx_hal_uart_ex.o
                0x08005000                HAL_UARTEx_DisableFifoMode
 .text.HAL_UARTEx_SetTxFifoThreshold
                0x08005074       0x7e ./Drivers/STM32C0xx_HAL_Driver/Src/stm32c0xx_hal_uart_ex.o
                0x08005074                HAL_UARTEx_SetTxFifoThreshold
 *fill*         0x080050f2        0x2 
 .text.HAL_UARTEx_SetRxFifoThreshold
                0x080050f4       0x84 ./Drivers/STM32C0xx_HAL_Driver/Src/stm32c0xx_hal_uart_ex.o
                0x080050f4                HAL_UARTEx_SetRxFifoThreshold
 .text.HAL_UARTEx_ReceiveToIdle_DMA
                0x08005178       0xd0 ./Drivers/STM32C0xx_HAL_Driver/Src/stm32c0xx_hal_uart_ex.o
                0x08005178                HAL_UARTEx_ReceiveToIdle_DMA
 .text.UARTEx_SetNbDataToProcess
                0x08005248       0xbc ./Drivers/STM32C0xx_HAL_Driver/Src/stm32c0xx_hal_uart_ex.o
 .text.EE_Init  0x08005304       0x50 ./Middlewares/Third_Party/NimaLTD_Driver/EE/ee.o
                0x08005304                EE_Init
 .text.EE_Format
                0x08005354       0x88 ./Middlewares/Third_Party/NimaLTD_Driver/EE/ee.o
                0x08005354                EE_Format
 .text.EE_Read  0x080053dc       0x84 ./Middlewares/Third_Party/NimaLTD_Driver/EE/ee.o
                0x080053dc                EE_Read
 .text.EE_Write
                0x08005460      0x140 ./Middlewares/Third_Party/NimaLTD_Driver/EE/ee.o
                0x08005460                EE_Write
 .text.memset   0x080055a0       0x10 C:/STM32CubeIDE_1.14.0/STM32CubeIDE/plugins/com.st.stm32cube.ide.mcu.externaltools.gnu-tools-for-stm32.12.3.rel1.win32_1.0.200.202406191623/tools/bin/../lib/gcc/arm-none-eabi/12.3.1/../../../../arm-none-eabi/lib/thumb/v6-m/nofp\libc_nano.a(libc_a-memset.o)
                0x080055a0                memset
 .text.__libc_init_array
                0x080055b0       0x48 C:/STM32CubeIDE_1.14.0/STM32CubeIDE/plugins/com.st.stm32cube.ide.mcu.externaltools.gnu-tools-for-stm32.12.3.rel1.win32_1.0.200.202406191623/tools/bin/../lib/gcc/arm-none-eabi/12.3.1/../../../../arm-none-eabi/lib/thumb/v6-m/nofp\libc_nano.a(libc_a-init.o)
                0x080055b0                __libc_init_array
 .text.memcpy   0x080055f8       0x12 C:/STM32CubeIDE_1.14.0/STM32CubeIDE/plugins/com.st.stm32cube.ide.mcu.externaltools.gnu-tools-for-stm32.12.3.rel1.win32_1.0.200.202406191623/tools/bin/../lib/gcc/arm-none-eabi/12.3.1/../../../../arm-none-eabi/lib/thumb/v6-m/nofp\libc_nano.a(libc_a-memcpy-stub.o)
                0x080055f8                memcpy
 *(.glue_7)
 .glue_7        0x0800560a        0x0 linker stubs
 *(.glue_7t)
 .glue_7t       0x0800560a        0x0 linker stubs
 *(.eh_frame)
 *fill*         0x0800560a        0x2 
 .eh_frame      0x0800560c        0x0 C:/STM32CubeIDE_1.14.0/STM32CubeIDE/plugins/com.st.stm32cube.ide.mcu.externaltools.gnu-tools-for-stm32.12.3.rel1.win32_1.0.200.202406191623/tools/bin/../lib/gcc/arm-none-eabi/12.3.1/thumb/v6-m/nofp/crtbegin.o
 *(.init)
 .init          0x0800560c        0x4 C:/STM32CubeIDE_1.14.0/STM32CubeIDE/plugins/com.st.stm32cube.ide.mcu.externaltools.gnu-tools-for-stm32.12.3.rel1.win32_1.0.200.202406191623/tools/bin/../lib/gcc/arm-none-eabi/12.3.1/thumb/v6-m/nofp/crti.o
                0x0800560c                _init
 .init          0x08005610        0x8 C:/STM32CubeIDE_1.14.0/STM32CubeIDE/plugins/com.st.stm32cube.ide.mcu.externaltools.gnu-tools-for-stm32.12.3.rel1.win32_1.0.200.202406191623/tools/bin/../lib/gcc/arm-none-eabi/12.3.1/thumb/v6-m/nofp/crtn.o
 *(.fini)
 .fini          0x08005618        0x4 C:/STM32CubeIDE_1.14.0/STM32CubeIDE/plugins/com.st.stm32cube.ide.mcu.externaltools.gnu-tools-for-stm32.12.3.rel1.win32_1.0.200.202406191623/tools/bin/../lib/gcc/arm-none-eabi/12.3.1/thumb/v6-m/nofp/crti.o
                0x08005618                _fini
 .fini          0x0800561c        0x8 C:/STM32CubeIDE_1.14.0/STM32CubeIDE/plugins/com.st.stm32cube.ide.mcu.externaltools.gnu-tools-for-stm32.12.3.rel1.win32_1.0.200.202406191623/tools/bin/../lib/gcc/arm-none-eabi/12.3.1/thumb/v6-m/nofp/crtn.o
 *fill*         0x08005624        0x4 
 .fini.__stub   0x08005628       0x10 linker stubs
                0x08005638                        . = ALIGN (0x4)
                0x08005638                        _etext = .

.vfp11_veneer   0x08005638        0x0
 .vfp11_veneer  0x08005638        0x0 linker stubs

.v4_bx          0x08005638        0x0
 .v4_bx         0x08005638        0x0 linker stubs

.iplt           0x08005638        0x0
 .iplt          0x08005638        0x0 C:/STM32CubeIDE_1.14.0/STM32CubeIDE/plugins/com.st.stm32cube.ide.mcu.externaltools.gnu-tools-for-stm32.12.3.rel1.win32_1.0.200.202406191623/tools/bin/../lib/gcc/arm-none-eabi/12.3.1/thumb/v6-m/nofp/crtbegin.o

.rodata         0x08005638      0x2c4
                0x08005638                        . = ALIGN (0x4)
 *(.rodata)
 *(.rodata*)
 .rodata.table_crc_hi
                0x08005638      0x100 ./Core/Src/modbus.o
 .rodata.table_crc_lo
                0x08005738      0x100 ./Core/Src/modbus.o
 .rodata.handle_range
                0x08005838       0x14 ./Core/Src/modbus.o
 .rodata.modbus_change_baud_rate
                0x0800584c       0x28 ./Core/Src/modbus.o
 .rodata.AHBPrescTable
                0x08005874       0x40 ./Core/Src/system_stm32c0xx.o
                0x08005874                AHBPrescTable
 .rodata.APBPrescTable
                0x080058b4       0x20 ./Core/Src/system_stm32c0xx.o
                0x080058b4                APBPrescTable
 .rodata.UARTPrescTable
                0x080058d4       0x18 ./Drivers/STM32C0xx_HAL_Driver/Src/stm32c0xx_hal_uart.o
                0x080058d4                UARTPrescTable
 .rodata.numerator.1
                0x080058ec        0x8 ./Drivers/STM32C0xx_HAL_Driver/Src/stm32c0xx_hal_uart_ex.o
 .rodata.denominator.0
                0x080058f4        0x8 ./Drivers/STM32C0xx_HAL_Driver/Src/stm32c0xx_hal_uart_ex.o
                0x080058fc                        . = ALIGN (0x4)

.ARM.extab      0x080058fc        0x0
                0x080058fc                        . = ALIGN (0x4)
 *(.ARM.extab* .gnu.linkonce.armextab.*)
                0x080058fc                        . = ALIGN (0x4)

.ARM            0x080058fc        0x0
                0x080058fc                        . = ALIGN (0x4)
                0x080058fc                        __exidx_start = .
 *(.ARM.exidx*)
                0x080058fc                        __exidx_end = .
                0x080058fc                        . = ALIGN (0x4)

.preinit_array  0x080058fc        0x0
                0x080058fc                        . = ALIGN (0x4)
                0x080058fc                        PROVIDE (__preinit_array_start = .)
 *(.preinit_array*)
                0x080058fc                        PROVIDE (__preinit_array_end = .)
                0x080058fc                        . = ALIGN (0x4)

.init_array     0x080058fc        0x4
                0x080058fc                        . = ALIGN (0x4)
                0x080058fc                        PROVIDE (__init_array_start = .)
 *(SORT_BY_NAME(.init_array.*))
 *(.init_array*)
 .init_array    0x080058fc        0x4 C:/STM32CubeIDE_1.14.0/STM32CubeIDE/plugins/com.st.stm32cube.ide.mcu.externaltools.gnu-tools-for-stm32.12.3.rel1.win32_1.0.200.202406191623/tools/bin/../lib/gcc/arm-none-eabi/12.3.1/thumb/v6-m/nofp/crtbegin.o
                0x08005900                        PROVIDE (__init_array_end = .)
                0x08005900                        . = ALIGN (0x4)

.fini_array     0x08005900        0x4
                0x08005900                        . = ALIGN (0x4)
                [!provide]                        PROVIDE (__fini_array_start = .)
 *(SORT_BY_NAME(.fini_array.*))
 *(.fini_array*)
 .fini_array    0x08005900        0x4 C:/STM32CubeIDE_1.14.0/STM32CubeIDE/plugins/com.st.stm32cube.ide.mcu.externaltools.gnu-tools-for-stm32.12.3.rel1.win32_1.0.200.202406191623/tools/bin/../lib/gcc/arm-none-eabi/12.3.1/thumb/v6-m/nofp/crtbegin.o
                [!provide]                        PROVIDE (__fini_array_end = .)
                0x08005904                        . = ALIGN (0x4)
                0x08005904                        _sidata = LOADADDR (.data)

.rel.dyn        0x08005904        0x0
 .rel.iplt      0x08005904        0x0 C:/STM32CubeIDE_1.14.0/STM32CubeIDE/plugins/com.st.stm32cube.ide.mcu.externaltools.gnu-tools-for-stm32.12.3.rel1.win32_1.0.200.202406191623/tools/bin/../lib/gcc/arm-none-eabi/12.3.1/thumb/v6-m/nofp/crtbegin.o

.data           0x20000000       0xa8 load address 0x08005904
                0x20000000                        . = ALIGN (0x4)
                0x20000000                        _sdata = .
 *(.data)
 *(.data*)
 .data.holding_register_database
                0x20000000       0x10 ./Core/Src/main.o
                0x20000000                holding_register_database
 .data.modbus_header
                0x20000010        0x2 ./Core/Src/modbus.o
                0x20000010                modbus_header
 .data.uart_tx_int
                0x20000012        0x1 ./Core/Src/modbus.o
                0x20000012                uart_tx_int
 *fill*         0x20000013        0x1 
 .data.SystemCoreClock
                0x20000014        0x4 ./Core/Src/system_stm32c0xx.o
                0x20000014                SystemCoreClock
 .data.uwTickPrio
                0x20000018        0x4 ./Drivers/STM32C0xx_HAL_Driver/Src/stm32c0xx_hal.o
                0x20000018                uwTickPrio
 .data.uwTickFreq
                0x2000001c        0x1 ./Drivers/STM32C0xx_HAL_Driver/Src/stm32c0xx_hal.o
                0x2000001c                uwTickFreq
 *(.RamFunc)
 *fill*         0x2000001d        0x3 
 .RamFunc       0x20000020       0x88 ./Drivers/STM32C0xx_HAL_Driver/Src/stm32c0xx_hal_flash.o
 *(.RamFunc*)
                0x200000a8                        . = ALIGN (0x4)
                0x200000a8                        _edata = .

.igot.plt       0x200000a8        0x0 load address 0x080059ac
 .igot.plt      0x200000a8        0x0 C:/STM32CubeIDE_1.14.0/STM32CubeIDE/plugins/com.st.stm32cube.ide.mcu.externaltools.gnu-tools-for-stm32.12.3.rel1.win32_1.0.200.202406191623/tools/bin/../lib/gcc/arm-none-eabi/12.3.1/thumb/v6-m/nofp/crtbegin.o
                0x200000a8                        . = ALIGN (0x4)

.bss            0x200000a8      0x3a0 load address 0x080059ac
                0x200000a8                        _sbss = .
                0x200000a8                        __bss_start__ = _sbss
 *(.bss)
 .bss           0x200000a8       0x1c C:/STM32CubeIDE_1.14.0/STM32CubeIDE/plugins/com.st.stm32cube.ide.mcu.externaltools.gnu-tools-for-stm32.12.3.rel1.win32_1.0.200.202406191623/tools/bin/../lib/gcc/arm-none-eabi/12.3.1/thumb/v6-m/nofp/crtbegin.o
 *(.bss*)
 .bss.huart1    0x200000c4       0x94 ./Core/Src/main.o
                0x200000c4                huart1
 .bss.hdma_usart1_rx
                0x20000158       0x5c ./Core/Src/main.o
                0x20000158                hdma_usart1_rx
 .bss.hdma_usart1_tx
                0x200001b4       0x5c ./Core/Src/main.o
                0x200001b4                hdma_usart1_tx
 .bss.wdg_time  0x20000210        0x4 ./Core/Src/main.o
                0x20000210                wdg_time
 .bss.shutdown  0x20000214        0x1 ./Core/Src/main.o
                0x20000214                shutdown
 .bss.prev_gpio_state
                0x20000215        0x1 ./Core/Src/main.o
                0x20000215                prev_gpio_state
 *fill*         0x20000216        0x2 
 .bss.modbus_rx_buffer
                0x20000218      0x100 ./Core/Src/modbus.o
                0x20000218                modbus_rx_buffer
 .bss.modbus_tx_buffer
                0x20000318      0x100 ./Core/Src/modbus.o
                0x20000318                modbus_tx_buffer
 .bss.tx_time   0x20000418        0x4 ./Core/Src/modbus.o
                0x20000418                tx_time
 .bss.chunk_time
                0x2000041c        0x4 ./Core/Src/modbus.o
                0x2000041c                chunk_time
 .bss.uart_rx_int
                0x20000420        0x1 ./Core/Src/modbus.o
                0x20000420                uart_rx_int
 .bss.uart_err_int
                0x20000421        0x1 ./Core/Src/modbus.o
                0x20000421                uart_err_int
 *fill*         0x20000422        0x2 
 .bss.uwTick    0x20000424        0x4 ./Drivers/STM32C0xx_HAL_Driver/Src/stm32c0xx_hal.o
                0x20000424                uwTick
 .bss.pFlash    0x20000428       0x18 ./Drivers/STM32C0xx_HAL_Driver/Src/stm32c0xx_hal_flash.o
                0x20000428                pFlash
 .bss.eeHandle  0x20000440        0x8 ./Middlewares/Third_Party/NimaLTD_Driver/EE/ee.o
                0x20000440                eeHandle
 *(COMMON)
                0x20000448                        . = ALIGN (0x4)
                0x20000448                        _ebss = .
                0x20000448                        __bss_end__ = _ebss

._user_heap_stack
                0x20000448      0x600 load address 0x080059ac
                0x20000448                        . = ALIGN (0x8)
                [!provide]                        PROVIDE (end = .)
                0x20000448                        PROVIDE (_end = .)
                0x20000648                        . = (. + _Min_Heap_Size)
 *fill*         0x20000448      0x200 
                0x20000a48                        . = (. + _Min_Stack_Size)
 *fill*         0x20000648      0x400 
                0x20000a48                        . = ALIGN (0x8)

/DISCARD/
 libc.a(*)
 libm.a(*)
 libgcc.a(*)

.ARM.attributes
                0x00000000       0x28
 *(.ARM.attributes)
 .ARM.attributes
                0x00000000       0x1e C:/STM32CubeIDE_1.14.0/STM32CubeIDE/plugins/com.st.stm32cube.ide.mcu.externaltools.gnu-tools-for-stm32.12.3.rel1.win32_1.0.200.202406191623/tools/bin/../lib/gcc/arm-none-eabi/12.3.1/thumb/v6-m/nofp/crti.o
 .ARM.attributes
                0x0000001e       0x2c C:/STM32CubeIDE_1.14.0/STM32CubeIDE/plugins/com.st.stm32cube.ide.mcu.externaltools.gnu-tools-for-stm32.12.3.rel1.win32_1.0.200.202406191623/tools/bin/../lib/gcc/arm-none-eabi/12.3.1/thumb/v6-m/nofp/crtbegin.o
 .ARM.attributes
                0x0000004a       0x2c ./Core/Src/main.o
 .ARM.attributes
                0x00000076       0x2c ./Core/Src/modbus.o
 .ARM.attributes
                0x000000a2       0x2c ./Core/Src/stm32c0xx_hal_msp.o
 .ARM.attributes
                0x000000ce       0x2c ./Core/Src/stm32c0xx_it.o
 .ARM.attributes
                0x000000fa       0x2c ./Core/Src/system_stm32c0xx.o
 .ARM.attributes
                0x00000126       0x22 ./Core/Startup/startup_stm32c071cbtx.o
 .ARM.attributes
                0x00000148       0x2c ./Drivers/STM32C0xx_HAL_Driver/Src/stm32c0xx_hal.o
 .ARM.attributes
                0x00000174       0x2c ./Drivers/STM32C0xx_HAL_Driver/Src/stm32c0xx_hal_cortex.o
 .ARM.attributes
                0x000001a0       0x2c ./Drivers/STM32C0xx_HAL_Driver/Src/stm32c0xx_hal_dma.o
 .ARM.attributes
                0x000001cc       0x2c ./Drivers/STM32C0xx_HAL_Driver/Src/stm32c0xx_hal_flash.o
 .ARM.attributes
                0x000001f8       0x2c ./Drivers/STM32C0xx_HAL_Driver/Src/stm32c0xx_hal_flash_ex.o
 .ARM.attributes
                0x00000224       0x2c ./Drivers/STM32C0xx_HAL_Driver/Src/stm32c0xx_hal_gpio.o
 .ARM.attributes
                0x00000250       0x2c ./Drivers/STM32C0xx_HAL_Driver/Src/stm32c0xx_hal_rcc.o
 .ARM.attributes
                0x0000027c       0x2c ./Drivers/STM32C0xx_HAL_Driver/Src/stm32c0xx_hal_rcc_ex.o
 .ARM.attributes
                0x000002a8       0x2c ./Drivers/STM32C0xx_HAL_Driver/Src/stm32c0xx_hal_uart.o
 .ARM.attributes
                0x000002d4       0x2c ./Drivers/STM32C0xx_HAL_Driver/Src/stm32c0xx_hal_uart_ex.o
 .ARM.attributes
                0x00000300       0x2c ./Middlewares/Third_Party/NimaLTD_Driver/EE/ee.o
 .ARM.attributes
                0x0000032c       0x2c C:/STM32CubeIDE_1.14.0/STM32CubeIDE/plugins/com.st.stm32cube.ide.mcu.externaltools.gnu-tools-for-stm32.12.3.rel1.win32_1.0.200.202406191623/tools/bin/../lib/gcc/arm-none-eabi/12.3.1/../../../../arm-none-eabi/lib/thumb/v6-m/nofp\libc_nano.a(libc_a-memset.o)
 .ARM.attributes
                0x00000358       0x2c C:/STM32CubeIDE_1.14.0/STM32CubeIDE/plugins/com.st.stm32cube.ide.mcu.externaltools.gnu-tools-for-stm32.12.3.rel1.win32_1.0.200.202406191623/tools/bin/../lib/gcc/arm-none-eabi/12.3.1/../../../../arm-none-eabi/lib/thumb/v6-m/nofp\libc_nano.a(libc_a-init.o)
 .ARM.attributes
                0x00000384       0x2c C:/STM32CubeIDE_1.14.0/STM32CubeIDE/plugins/com.st.stm32cube.ide.mcu.externaltools.gnu-tools-for-stm32.12.3.rel1.win32_1.0.200.202406191623/tools/bin/../lib/gcc/arm-none-eabi/12.3.1/../../../../arm-none-eabi/lib/thumb/v6-m/nofp\libc_nano.a(libc_a-memcpy-stub.o)
 .ARM.attributes
                0x000003b0       0x1e C:/STM32CubeIDE_1.14.0/STM32CubeIDE/plugins/com.st.stm32cube.ide.mcu.externaltools.gnu-tools-for-stm32.12.3.rel1.win32_1.0.200.202406191623/tools/bin/../lib/gcc/arm-none-eabi/12.3.1/thumb/v6-m/nofp\libgcc.a(_udivsi3.o)
 .ARM.attributes
                0x000003ce       0x1e C:/STM32CubeIDE_1.14.0/STM32CubeIDE/plugins/com.st.stm32cube.ide.mcu.externaltools.gnu-tools-for-stm32.12.3.rel1.win32_1.0.200.202406191623/tools/bin/../lib/gcc/arm-none-eabi/12.3.1/thumb/v6-m/nofp\libgcc.a(_divsi3.o)
 .ARM.attributes
                0x000003ec       0x1e C:/STM32CubeIDE_1.14.0/STM32CubeIDE/plugins/com.st.stm32cube.ide.mcu.externaltools.gnu-tools-for-stm32.12.3.rel1.win32_1.0.200.202406191623/tools/bin/../lib/gcc/arm-none-eabi/12.3.1/thumb/v6-m/nofp\libgcc.a(_dvmd_tls.o)
 .ARM.attributes
                0x0000040a       0x1e C:/STM32CubeIDE_1.14.0/STM32CubeIDE/plugins/com.st.stm32cube.ide.mcu.externaltools.gnu-tools-for-stm32.12.3.rel1.win32_1.0.200.202406191623/tools/bin/../lib/gcc/arm-none-eabi/12.3.1/thumb/v6-m/nofp/crtn.o
OUTPUT(PowerManagementBoard.elf elf32-littlearm)
LOAD linker stubs
LOAD C:/STM32CubeIDE_1.14.0/STM32CubeIDE/plugins/com.st.stm32cube.ide.mcu.externaltools.gnu-tools-for-stm32.12.3.rel1.win32_1.0.200.202406191623/tools/bin/../lib/gcc/arm-none-eabi/12.3.1/../../../../arm-none-eabi/lib/thumb/v6-m/nofp\libc.a
LOAD C:/STM32CubeIDE_1.14.0/STM32CubeIDE/plugins/com.st.stm32cube.ide.mcu.externaltools.gnu-tools-for-stm32.12.3.rel1.win32_1.0.200.202406191623/tools/bin/../lib/gcc/arm-none-eabi/12.3.1/../../../../arm-none-eabi/lib/thumb/v6-m/nofp\libm.a
LOAD C:/STM32CubeIDE_1.14.0/STM32CubeIDE/plugins/com.st.stm32cube.ide.mcu.externaltools.gnu-tools-for-stm32.12.3.rel1.win32_1.0.200.202406191623/tools/bin/../lib/gcc/arm-none-eabi/12.3.1/thumb/v6-m/nofp\libgcc.a

.debug_info     0x00000000     0xd414
 .debug_info    0x00000000     0x1131 ./Core/Src/main.o
 .debug_info    0x00001131      0xfb8 ./Core/Src/modbus.o
 .debug_info    0x000020e9      0xd1a ./Core/Src/stm32c0xx_hal_msp.o
 .debug_info    0x00002e03      0x8f6 ./Core/Src/stm32c0xx_it.o
 .debug_info    0x000036f9      0x381 ./Core/Src/system_stm32c0xx.o
 .debug_info    0x00003a7a       0x30 ./Core/Startup/startup_stm32c071cbtx.o
 .debug_info    0x00003aaa      0x85e ./Drivers/STM32C0xx_HAL_Driver/Src/stm32c0xx_hal.o
 .debug_info    0x00004308      0x894 ./Drivers/STM32C0xx_HAL_Driver/Src/stm32c0xx_hal_cortex.o
 .debug_info    0x00004b9c      0x826 ./Drivers/STM32C0xx_HAL_Driver/Src/stm32c0xx_hal_dma.o
 .debug_info    0x000053c2      0x61f ./Drivers/STM32C0xx_HAL_Driver/Src/stm32c0xx_hal_flash.o
 .debug_info    0x000059e1      0x84f ./Drivers/STM32C0xx_HAL_Driver/Src/stm32c0xx_hal_flash_ex.o
 .debug_info    0x00006230      0x612 ./Drivers/STM32C0xx_HAL_Driver/Src/stm32c0xx_hal_gpio.o
 .debug_info    0x00006842      0x923 ./Drivers/STM32C0xx_HAL_Driver/Src/stm32c0xx_hal_rcc.o
 .debug_info    0x00007165      0x7c1 ./Drivers/STM32C0xx_HAL_Driver/Src/stm32c0xx_hal_rcc_ex.o
 .debug_info    0x00007926     0x47f5 ./Drivers/STM32C0xx_HAL_Driver/Src/stm32c0xx_hal_uart.o
 .debug_info    0x0000c11b      0xf6d ./Drivers/STM32C0xx_HAL_Driver/Src/stm32c0xx_hal_uart_ex.o
 .debug_info    0x0000d088      0x38c ./Middlewares/Third_Party/NimaLTD_Driver/EE/ee.o

.debug_abbrev   0x00000000     0x2660
 .debug_abbrev  0x00000000      0x305 ./Core/Src/main.o
 .debug_abbrev  0x00000305      0x309 ./Core/Src/modbus.o
 .debug_abbrev  0x0000060e      0x209 ./Core/Src/stm32c0xx_hal_msp.o
 .debug_abbrev  0x00000817      0x1d5 ./Core/Src/stm32c0xx_it.o
 .debug_abbrev  0x000009ec      0x119 ./Core/Src/system_stm32c0xx.o
 .debug_abbrev  0x00000b05       0x24 ./Core/Startup/startup_stm32c071cbtx.o
 .debug_abbrev  0x00000b29      0x2cb ./Drivers/STM32C0xx_HAL_Driver/Src/stm32c0xx_hal.o
 .debug_abbrev  0x00000df4      0x2b7 ./Drivers/STM32C0xx_HAL_Driver/Src/stm32c0xx_hal_cortex.o
 .debug_abbrev  0x000010ab      0x1d5 ./Drivers/STM32C0xx_HAL_Driver/Src/stm32c0xx_hal_dma.o
 .debug_abbrev  0x00001280      0x2f3 ./Drivers/STM32C0xx_HAL_Driver/Src/stm32c0xx_hal_flash.o
 .debug_abbrev  0x00001573      0x271 ./Drivers/STM32C0xx_HAL_Driver/Src/stm32c0xx_hal_flash_ex.o
 .debug_abbrev  0x000017e4      0x1d6 ./Drivers/STM32C0xx_HAL_Driver/Src/stm32c0xx_hal_gpio.o
 .debug_abbrev  0x000019ba      0x28c ./Drivers/STM32C0xx_HAL_Driver/Src/stm32c0xx_hal_rcc.o
 .debug_abbrev  0x00001c46      0x245 ./Drivers/STM32C0xx_HAL_Driver/Src/stm32c0xx_hal_rcc_ex.o
 .debug_abbrev  0x00001e8b      0x314 ./Drivers/STM32C0xx_HAL_Driver/Src/stm32c0xx_hal_uart.o
 .debug_abbrev  0x0000219f      0x2e5 ./Drivers/STM32C0xx_HAL_Driver/Src/stm32c0xx_hal_uart_ex.o
 .debug_abbrev  0x00002484      0x1dc ./Middlewares/Third_Party/NimaLTD_Driver/EE/ee.o

.debug_aranges  0x00000000      0xa78
 .debug_aranges
                0x00000000       0x48 ./Core/Src/main.o
 .debug_aranges
                0x00000048       0xc0 ./Core/Src/modbus.o
 .debug_aranges
                0x00000108       0x30 ./Core/Src/stm32c0xx_hal_msp.o
 .debug_aranges
                0x00000138       0x60 ./Core/Src/stm32c0xx_it.o
 .debug_aranges
                0x00000198       0x28 ./Core/Src/system_stm32c0xx.o
 .debug_aranges
                0x000001c0       0x28 ./Core/Startup/startup_stm32c071cbtx.o
 .debug_aranges
                0x000001e8      0x100 ./Drivers/STM32C0xx_HAL_Driver/Src/stm32c0xx_hal.o
 .debug_aranges
                0x000002e8       0xe8 ./Drivers/STM32C0xx_HAL_Driver/Src/stm32c0xx_hal_cortex.o
 .debug_aranges
                0x000003d0       0x90 ./Drivers/STM32C0xx_HAL_Driver/Src/stm32c0xx_hal_dma.o
 .debug_aranges
                0x00000460       0x88 ./Drivers/STM32C0xx_HAL_Driver/Src/stm32c0xx_hal_flash.o
 .debug_aranges
                0x000004e8       0xd0 ./Drivers/STM32C0xx_HAL_Driver/Src/stm32c0xx_hal_flash_ex.o
 .debug_aranges
                0x000005b8       0x68 ./Drivers/STM32C0xx_HAL_Driver/Src/stm32c0xx_hal_gpio.o
 .debug_aranges
                0x00000620       0xa0 ./Drivers/STM32C0xx_HAL_Driver/Src/stm32c0xx_hal_rcc.o
 .debug_aranges
                0x000006c0       0x88 ./Drivers/STM32C0xx_HAL_Driver/Src/stm32c0xx_hal_rcc_ex.o
 .debug_aranges
                0x00000748      0x248 ./Drivers/STM32C0xx_HAL_Driver/Src/stm32c0xx_hal_uart.o
 .debug_aranges
                0x00000990       0xa8 ./Drivers/STM32C0xx_HAL_Driver/Src/stm32c0xx_hal_uart_ex.o
 .debug_aranges
                0x00000a38       0x40 ./Middlewares/Third_Party/NimaLTD_Driver/EE/ee.o

.debug_rnglists
                0x00000000      0x81b
 .debug_rnglists
                0x00000000       0x43 ./Core/Src/main.o
 .debug_rnglists
                0x00000043       0x94 ./Core/Src/modbus.o
 .debug_rnglists
                0x000000d7       0x21 ./Core/Src/stm32c0xx_hal_msp.o
 .debug_rnglists
                0x000000f8       0x43 ./Core/Src/stm32c0xx_it.o
 .debug_rnglists
                0x0000013b       0x1a ./Core/Src/system_stm32c0xx.o
 .debug_rnglists
                0x00000155       0x19 ./Core/Startup/startup_stm32c071cbtx.o
 .debug_rnglists
                0x0000016e       0xbc ./Drivers/STM32C0xx_HAL_Driver/Src/stm32c0xx_hal.o
 .debug_rnglists
                0x0000022a       0xaa ./Drivers/STM32C0xx_HAL_Driver/Src/stm32c0xx_hal_cortex.o
 .debug_rnglists
                0x000002d4       0x72 ./Drivers/STM32C0xx_HAL_Driver/Src/stm32c0xx_hal_dma.o
 .debug_rnglists
                0x00000346       0x66 ./Drivers/STM32C0xx_HAL_Driver/Src/stm32c0xx_hal_flash.o
 .debug_rnglists
                0x000003ac       0x9b ./Drivers/STM32C0xx_HAL_Driver/Src/stm32c0xx_hal_flash_ex.o
 .debug_rnglists
                0x00000447       0x4b ./Drivers/STM32C0xx_HAL_Driver/Src/stm32c0xx_hal_gpio.o
 .debug_rnglists
                0x00000492       0x79 ./Drivers/STM32C0xx_HAL_Driver/Src/stm32c0xx_hal_rcc.o
 .debug_rnglists
                0x0000050b       0x67 ./Drivers/STM32C0xx_HAL_Driver/Src/stm32c0xx_hal_rcc_ex.o
 .debug_rnglists
                0x00000572      0x1fb ./Drivers/STM32C0xx_HAL_Driver/Src/stm32c0xx_hal_uart.o
 .debug_rnglists
                0x0000076d       0x80 ./Drivers/STM32C0xx_HAL_Driver/Src/stm32c0xx_hal_uart_ex.o
 .debug_rnglists
                0x000007ed       0x2e ./Middlewares/Third_Party/NimaLTD_Driver/EE/ee.o

.debug_macro    0x00000000    0x151ce
 .debug_macro   0x00000000      0x1f0 ./Core/Src/main.o
 .debug_macro   0x000001f0      0xa8a ./Core/Src/main.o
 .debug_macro   0x00000c7a       0x2e ./Core/Src/main.o
 .debug_macro   0x00000ca8       0x28 ./Core/Src/main.o
 .debug_macro   0x00000cd0       0x22 ./Core/Src/main.o
 .debug_macro   0x00000cf2       0x8e ./Core/Src/main.o
 .debug_macro   0x00000d80       0x51 ./Core/Src/main.o
 .debug_macro   0x00000dd1      0x103 ./Core/Src/main.o
 .debug_macro   0x00000ed4       0x6a ./Core/Src/main.o
 .debug_macro   0x00000f3e      0x1df ./Core/Src/main.o
 .debug_macro   0x0000111d       0x1c ./Core/Src/main.o
 .debug_macro   0x00001139       0x22 ./Core/Src/main.o
 .debug_macro   0x0000115b       0xd1 ./Core/Src/main.o
 .debug_macro   0x0000122c      0x4da ./Core/Src/main.o
 .debug_macro   0x00001706      0x11f ./Core/Src/main.o
 .debug_macro   0x00001825     0xa7da ./Core/Src/main.o
 .debug_macro   0x0000bfff       0x6c ./Core/Src/main.o
 .debug_macro   0x0000c06b      0x190 ./Core/Src/main.o
 .debug_macro   0x0000c1fb       0xe3 ./Core/Src/main.o
 .debug_macro   0x0000c2de     0x3440 ./Core/Src/main.o
 .debug_macro   0x0000f71e      0x189 ./Core/Src/main.o
 .debug_macro   0x0000f8a7       0x5b ./Core/Src/main.o
 .debug_macro   0x0000f902      0x422 ./Core/Src/main.o
 .debug_macro   0x0000fd24      0xd59 ./Core/Src/main.o
 .debug_macro   0x00010a7d      0x30c ./Core/Src/main.o
 .debug_macro   0x00010d89      0x15f ./Core/Src/main.o
 .debug_macro   0x00010ee8      0x201 ./Core/Src/main.o
 .debug_macro   0x000110e9      0x2e2 ./Core/Src/main.o
 .debug_macro   0x000113cb      0x18b ./Core/Src/main.o
 .debug_macro   0x00011556       0x43 ./Core/Src/main.o
 .debug_macro   0x00011599      0x1f1 ./Core/Src/main.o
 .debug_macro   0x0001178a      0x1cf ./Core/Src/main.o
 .debug_macro   0x00011959      0x37c ./Core/Src/main.o
 .debug_macro   0x00011cd5       0x28 ./Core/Src/main.o
 .debug_macro   0x00011cfd       0xb3 ./Core/Src/main.o
 .debug_macro   0x00011db0      0x124 ./Core/Src/main.o
 .debug_macro   0x00011ed4      0x1b0 ./Core/Src/main.o
 .debug_macro   0x00012084      0x67e ./Core/Src/main.o
 .debug_macro   0x00012702       0xa6 ./Core/Src/main.o
 .debug_macro   0x000127a8      0x409 ./Core/Src/main.o
 .debug_macro   0x00012bb1       0x4c ./Core/Src/main.o
 .debug_macro   0x00012bfd       0x1c ./Core/Src/main.o
 .debug_macro   0x00012c19       0x8e ./Core/Src/main.o
 .debug_macro   0x00012ca7       0x22 ./Core/Src/main.o
 .debug_macro   0x00012cc9      0x2c9 ./Core/Src/modbus.o
 .debug_macro   0x00012f92       0x61 ./Core/Src/modbus.o
 .debug_macro   0x00012ff3       0x24 ./Core/Src/modbus.o
 .debug_macro   0x00013017       0x43 ./Core/Src/modbus.o
 .debug_macro   0x0001305a       0x34 ./Core/Src/modbus.o
 .debug_macro   0x0001308e       0x16 ./Core/Src/modbus.o
 .debug_macro   0x000130a4       0x43 ./Core/Src/modbus.o
 .debug_macro   0x000130e7       0x34 ./Core/Src/modbus.o
 .debug_macro   0x0001311b       0x10 ./Core/Src/modbus.o
 .debug_macro   0x0001312b       0x58 ./Core/Src/modbus.o
 .debug_macro   0x00013183       0x8e ./Core/Src/modbus.o
 .debug_macro   0x00013211       0x1c ./Core/Src/modbus.o
 .debug_macro   0x0001322d      0x177 ./Core/Src/modbus.o
 .debug_macro   0x000133a4      0x369 ./Core/Src/modbus.o
 .debug_macro   0x0001370d       0x10 ./Core/Src/modbus.o
 .debug_macro   0x0001371d       0x35 ./Core/Src/modbus.o
 .debug_macro   0x00013752       0x20 ./Core/Src/modbus.o
 .debug_macro   0x00013772      0x1cb ./Core/Src/stm32c0xx_hal_msp.o
 .debug_macro   0x0001393d      0x1d5 ./Core/Src/stm32c0xx_it.o
 .debug_macro   0x00013b12      0x1c2 ./Core/Src/system_stm32c0xx.o
 .debug_macro   0x00013cd4      0x1da ./Drivers/STM32C0xx_HAL_Driver/Src/stm32c0xx_hal.o
 .debug_macro   0x00013eae      0x1bc ./Drivers/STM32C0xx_HAL_Driver/Src/stm32c0xx_hal_cortex.o
 .debug_macro   0x0001406a      0x1bc ./Drivers/STM32C0xx_HAL_Driver/Src/stm32c0xx_hal_dma.o
 .debug_macro   0x00014226      0x1bc ./Drivers/STM32C0xx_HAL_Driver/Src/stm32c0xx_hal_flash.o
 .debug_macro   0x000143e2      0x1bc ./Drivers/STM32C0xx_HAL_Driver/Src/stm32c0xx_hal_flash_ex.o
 .debug_macro   0x0001459e      0x1f1 ./Drivers/STM32C0xx_HAL_Driver/Src/stm32c0xx_hal_gpio.o
 .debug_macro   0x0001478f      0x1f2 ./Drivers/STM32C0xx_HAL_Driver/Src/stm32c0xx_hal_rcc.o
 .debug_macro   0x00014981      0x1ce ./Drivers/STM32C0xx_HAL_Driver/Src/stm32c0xx_hal_rcc_ex.o
 .debug_macro   0x00014b4f      0x1d9 ./Drivers/STM32C0xx_HAL_Driver/Src/stm32c0xx_hal_uart.o
 .debug_macro   0x00014d28      0x1c8 ./Drivers/STM32C0xx_HAL_Driver/Src/stm32c0xx_hal_uart_ex.o
 .debug_macro   0x00014ef0      0x2de ./Middlewares/Third_Party/NimaLTD_Driver/EE/ee.o

.debug_line     0x00000000     0xde9b
 .debug_line    0x00000000      0xa9a ./Core/Src/main.o
 .debug_line    0x00000a9a      0xe60 ./Core/Src/modbus.o
 .debug_line    0x000018fa      0x811 ./Core/Src/stm32c0xx_hal_msp.o
 .debug_line    0x0000210b      0x828 ./Core/Src/stm32c0xx_it.o
 .debug_line    0x00002933      0x7a2 ./Core/Src/system_stm32c0xx.o
 .debug_line    0x000030d5       0x7d ./Core/Startup/startup_stm32c071cbtx.o
 .debug_line    0x00003152      0xa6d ./Drivers/STM32C0xx_HAL_Driver/Src/stm32c0xx_hal.o
 .debug_line    0x00003bbf      0xb90 ./Drivers/STM32C0xx_HAL_Driver/Src/stm32c0xx_hal_cortex.o
 .debug_line    0x0000474f      0xd9f ./Drivers/STM32C0xx_HAL_Driver/Src/stm32c0xx_hal_dma.o
 .debug_line    0x000054ee      0xa9f ./Drivers/STM32C0xx_HAL_Driver/Src/stm32c0xx_hal_flash.o
 .debug_line    0x00005f8d      0xc33 ./Drivers/STM32C0xx_HAL_Driver/Src/stm32c0xx_hal_flash_ex.o
 .debug_line    0x00006bc0      0xbb9 ./Drivers/STM32C0xx_HAL_Driver/Src/stm32c0xx_hal_gpio.o
 .debug_line    0x00007779      0xd7d ./Drivers/STM32C0xx_HAL_Driver/Src/stm32c0xx_hal_rcc.o
 .debug_line    0x000084f6      0xc06 ./Drivers/STM32C0xx_HAL_Driver/Src/stm32c0xx_hal_rcc_ex.o
 .debug_line    0x000090fc     0x34eb ./Drivers/STM32C0xx_HAL_Driver/Src/stm32c0xx_hal_uart.o
 .debug_line    0x0000c5e7      0xdff ./Drivers/STM32C0xx_HAL_Driver/Src/stm32c0xx_hal_uart_ex.o
 .debug_line    0x0000d3e6      0xab5 ./Middlewares/Third_Party/NimaLTD_Driver/EE/ee.o

.debug_str      0x00000000    0x81188
 .debug_str     0x00000000    0x7b3e5 ./Core/Src/main.o
                              0x7ba06 (size before relaxing)
 .debug_str     0x0007b3e5     0x34bb ./Core/Src/modbus.o
                              0x7e95a (size before relaxing)
 .debug_str     0x0007e8a0      0x16a ./Core/Src/stm32c0xx_hal_msp.o
                              0x7b41f (size before relaxing)
 .debug_str     0x0007ea0a      0x124 ./Core/Src/stm32c0xx_it.o
                              0x7b0a5 (size before relaxing)
 .debug_str     0x0007eb2e       0x8f ./Core/Src/system_stm32c0xx.o
                              0x7aa1f (size before relaxing)
 .debug_str     0x0007ebbd       0x44 ./Core/Startup/startup_stm32c071cbtx.o
                                 0x76 (size before relaxing)
 .debug_str     0x0007ec01      0x430 ./Drivers/STM32C0xx_HAL_Driver/Src/stm32c0xx_hal.o
                              0x7b06c (size before relaxing)
 .debug_str     0x0007f031      0x280 ./Drivers/STM32C0xx_HAL_Driver/Src/stm32c0xx_hal_cortex.o
                              0x7ae82 (size before relaxing)
 .debug_str     0x0007f2b1      0x290 ./Drivers/STM32C0xx_HAL_Driver/Src/stm32c0xx_hal_dma.o
                              0x7ae93 (size before relaxing)
 .debug_str     0x0007f541      0x28c ./Drivers/STM32C0xx_HAL_Driver/Src/stm32c0xx_hal_flash.o
                              0x7ac2f (size before relaxing)
 .debug_str     0x0007f7cd      0x39d ./Drivers/STM32C0xx_HAL_Driver/Src/stm32c0xx_hal_flash_ex.o
                              0x7adbf (size before relaxing)
 .debug_str     0x0007fb6a      0x252 ./Drivers/STM32C0xx_HAL_Driver/Src/stm32c0xx_hal_gpio.o
                              0x7ac3b (size before relaxing)
 .debug_str     0x0007fdbc      0x438 ./Drivers/STM32C0xx_HAL_Driver/Src/stm32c0xx_hal_rcc.o
                              0x7b044 (size before relaxing)
 .debug_str     0x000801f4      0x312 ./Drivers/STM32C0xx_HAL_Driver/Src/stm32c0xx_hal_rcc_ex.o
                              0x7aea9 (size before relaxing)
 .debug_str     0x00080506      0x8a7 ./Drivers/STM32C0xx_HAL_Driver/Src/stm32c0xx_hal_uart.o
                              0x7b96f (size before relaxing)
 .debug_str     0x00080dad      0x23d ./Drivers/STM32C0xx_HAL_Driver/Src/stm32c0xx_hal_uart_ex.o
                              0x7b295 (size before relaxing)
 .debug_str     0x00080fea      0x19e ./Middlewares/Third_Party/NimaLTD_Driver/EE/ee.o
                              0x7de45 (size before relaxing)

.comment        0x00000000       0x43
 .comment       0x00000000       0x43 ./Core/Src/main.o
                                 0x44 (size before relaxing)
 .comment       0x00000043       0x44 ./Core/Src/modbus.o
 .comment       0x00000043       0x44 ./Core/Src/stm32c0xx_hal_msp.o
 .comment       0x00000043       0x44 ./Core/Src/stm32c0xx_it.o
 .comment       0x00000043       0x44 ./Core/Src/system_stm32c0xx.o
 .comment       0x00000043       0x44 ./Drivers/STM32C0xx_HAL_Driver/Src/stm32c0xx_hal.o
 .comment       0x00000043       0x44 ./Drivers/STM32C0xx_HAL_Driver/Src/stm32c0xx_hal_cortex.o
 .comment       0x00000043       0x44 ./Drivers/STM32C0xx_HAL_Driver/Src/stm32c0xx_hal_dma.o
 .comment       0x00000043       0x44 ./Drivers/STM32C0xx_HAL_Driver/Src/stm32c0xx_hal_flash.o
 .comment       0x00000043       0x44 ./Drivers/STM32C0xx_HAL_Driver/Src/stm32c0xx_hal_flash_ex.o
 .comment       0x00000043       0x44 ./Drivers/STM32C0xx_HAL_Driver/Src/stm32c0xx_hal_gpio.o
 .comment       0x00000043       0x44 ./Drivers/STM32C0xx_HAL_Driver/Src/stm32c0xx_hal_rcc.o
 .comment       0x00000043       0x44 ./Drivers/STM32C0xx_HAL_Driver/Src/stm32c0xx_hal_rcc_ex.o
 .comment       0x00000043       0x44 ./Drivers/STM32C0xx_HAL_Driver/Src/stm32c0xx_hal_uart.o
 .comment       0x00000043       0x44 ./Drivers/STM32C0xx_HAL_Driver/Src/stm32c0xx_hal_uart_ex.o
 .comment       0x00000043       0x44 ./Middlewares/Third_Party/NimaLTD_Driver/EE/ee.o

.debug_frame    0x00000000     0x243c
 .debug_frame   0x00000000       0xc8 ./Core/Src/main.o
 .debug_frame   0x000000c8      0x2b0 ./Core/Src/modbus.o
 .debug_frame   0x00000378       0x70 ./Core/Src/stm32c0xx_hal_msp.o
 .debug_frame   0x000003e8      0x10c ./Core/Src/stm32c0xx_it.o
 .debug_frame   0x000004f4       0x4c ./Core/Src/system_stm32c0xx.o
 .debug_frame   0x00000540      0x368 ./Drivers/STM32C0xx_HAL_Driver/Src/stm32c0xx_hal.o
 .debug_frame   0x000008a8      0x33c ./Drivers/STM32C0xx_HAL_Driver/Src/stm32c0xx_hal_cortex.o
 .debug_frame   0x00000be4      0x1f0 ./Drivers/STM32C0xx_HAL_Driver/Src/stm32c0xx_hal_dma.o
 .debug_frame   0x00000dd4      0x1d4 ./Drivers/STM32C0xx_HAL_Driver/Src/stm32c0xx_hal_flash.o
 .debug_frame   0x00000fa8      0x2e8 ./Drivers/STM32C0xx_HAL_Driver/Src/stm32c0xx_hal_flash_ex.o
 .debug_frame   0x00001290      0x150 ./Drivers/STM32C0xx_HAL_Driver/Src/stm32c0xx_hal_gpio.o
 .debug_frame   0x000013e0      0x214 ./Drivers/STM32C0xx_HAL_Driver/Src/stm32c0xx_hal_rcc.o
 .debug_frame   0x000015f4      0x1bc ./Drivers/STM32C0xx_HAL_Driver/Src/stm32c0xx_hal_rcc_ex.o
 .debug_frame   0x000017b0      0x8d4 ./Drivers/STM32C0xx_HAL_Driver/Src/stm32c0xx_hal_uart.o
 .debug_frame   0x00002084      0x258 ./Drivers/STM32C0xx_HAL_Driver/Src/stm32c0xx_hal_uart_ex.o
 .debug_frame   0x000022dc       0xac ./Middlewares/Third_Party/NimaLTD_Driver/EE/ee.o
 .debug_frame   0x00002388       0x20 C:/STM32CubeIDE_1.14.0/STM32CubeIDE/plugins/com.st.stm32cube.ide.mcu.externaltools.gnu-tools-for-stm32.12.3.rel1.win32_1.0.200.202406191623/tools/bin/../lib/gcc/arm-none-eabi/12.3.1/../../../../arm-none-eabi/lib/thumb/v6-m/nofp\libc_nano.a(libc_a-memset.o)
 .debug_frame   0x000023a8       0x2c C:/STM32CubeIDE_1.14.0/STM32CubeIDE/plugins/com.st.stm32cube.ide.mcu.externaltools.gnu-tools-for-stm32.12.3.rel1.win32_1.0.200.202406191623/tools/bin/../lib/gcc/arm-none-eabi/12.3.1/../../../../arm-none-eabi/lib/thumb/v6-m/nofp\libc_nano.a(libc_a-init.o)
 .debug_frame   0x000023d4       0x28 C:/STM32CubeIDE_1.14.0/STM32CubeIDE/plugins/com.st.stm32cube.ide.mcu.externaltools.gnu-tools-for-stm32.12.3.rel1.win32_1.0.200.202406191623/tools/bin/../lib/gcc/arm-none-eabi/12.3.1/../../../../arm-none-eabi/lib/thumb/v6-m/nofp\libc_nano.a(libc_a-memcpy-stub.o)
 .debug_frame   0x000023fc       0x20 C:/STM32CubeIDE_1.14.0/STM32CubeIDE/plugins/com.st.stm32cube.ide.mcu.externaltools.gnu-tools-for-stm32.12.3.rel1.win32_1.0.200.202406191623/tools/bin/../lib/gcc/arm-none-eabi/12.3.1/thumb/v6-m/nofp\libgcc.a(_udivsi3.o)
 .debug_frame   0x0000241c       0x20 C:/STM32CubeIDE_1.14.0/STM32CubeIDE/plugins/com.st.stm32cube.ide.mcu.externaltools.gnu-tools-for-stm32.12.3.rel1.win32_1.0.200.202406191623/tools/bin/../lib/gcc/arm-none-eabi/12.3.1/thumb/v6-m/nofp\libgcc.a(_divsi3.o)

.debug_line_str
                0x00000000       0x5a
 .debug_line_str
                0x00000000       0x5a ./Core/Startup/startup_stm32c071cbtx.o
