../Core/Src/modbus.c:116:6:HAL_UARTEx_RxEventCallback	32	static
../Core/Src/modbus.c:171:6:HAL_UART_TxCpltCallback	16	static
../Core/Src/modbus.c:178:8:handle_chunk_miss	24	static
../Core/Src/modbus.c:204:10:get_response_buffer	16	static
../Core/Src/modbus.c:217:9:get_rx_buffer	16	static
../Core/Src/modbus.c:231:8:set_tx_buffer	16	static
../Core/Src/modbus.c:255:8:read_holding_registers	32	static
../Core/Src/modbus.c:295:8:write_multiple_registers	32	static
../Core/Src/modbus.c:333:8:modbus_mic	32	static
../Core/Src/modbus.c:367:8:modbus_poll_for_response	32	static
../Core/Src/modbus.c:391:6:set_response_interval	16	static
../Core/Src/modbus.c:396:10:get_response_interval	8	static
../Core/Src/modbus.c:404:6:store_rx_buffer	24	static
../Core/Src/modbus.c:423:8:return_holding_registers	24	static
../Core/Src/modbus.c:463:8:edit_multiple_registers	32	static
../Core/Src/modbus.c:527:8:modbus_exception	16	static
../Core/Src/modbus.c:539:6:handle_range	16	static
../Core/Src/modbus.c:638:8:modbus_send	32	static
../Core/Src/modbus.c:667:9:modbus_rx	8	static
../Core/Src/modbus.c:684:8:modbus_set_rx	16	static
../Core/Src/modbus.c:695:8:modbus_shutdown	16	static
../Core/Src/modbus.c:710:8:modbus_startup	16	static
../Core/Src/modbus.c:736:8:modbus_change_baud_rate	16	static
../Core/Src/modbus.c:812:8:modbus_set_baud_rate	24	static
../Core/Src/modbus.c:830:8:modbus_get_baud_rate	24	static
../Core/Src/modbus.c:841:9:significant_error	16	static
../Core/Src/modbus.c:877:10:crc_16	24	static
