../Core/Src/modbus.c:132:6:HAL_UARTEx_RxEventCallback	32	static
../Core/Src/modbus.c:188:6:HAL_UART_TxCpltCallback	16	static
../Core/Src/modbus.c:193:6:HAL_UART_ErrorCallback	16	static
../Core/Src/modbus.c:353:9:modbus_rx	8	static
../Core/Src/modbus.c:363:8:return_holding_registers	32	static
../Core/Src/modbus.c:401:8:edit_multiple_registers	40	static
../Core/Src/modbus.c:466:8:modbus_exception	16	static
../Core/Src/modbus.c:475:6:handle_range	16	static
../Core/Src/modbus.c:533:8:modbus_send	40	static
../Core/Src/modbus.c:548:8:modbus_reset	16	static
../Core/Src/modbus.c:567:8:modbus_set_rx	16	static
../Core/Src/modbus.c:575:8:monitor_modbus	24	static
../Core/Src/modbus.c:653:8:modbus_startup	16	static
../Core/Src/modbus.c:674:8:modbus_shutdown	16	static
../Core/Src/modbus.c:686:8:modbus_change_baud_rate	24	static
../Core/Src/modbus.c:762:8:modbus_set_baud_rate	24	static
../Core/Src/modbus.c:780:8:modbus_get_baud_rate	24	static
../Core/Src/modbus.c:792:9:get_rx_buffer	16	static
../Core/Src/modbus.c:803:8:handle_modbus_error	16	static
../Core/Src/modbus.c:811:10:crc_16	24	static
../Core/Src/modbus.c:828:8:handle_chunk_miss	24	static
